// Jest Snapshot v1, https://goo.gl/fbAQLP

exports[`renders Router component 1`] = `
Array [
  <div
    className="ant-row navbar"
    style={Object {}}
  >
    <div
      className="ant-col ant-col-xs-7 ant-col-sm-6 ant-col-md-6 ant-col-lg-6 ant-col-xl-6"
      style={Object {}}
    >
      <h1
        className="sc-bwzfXH kEByft"
      >
        Nolan
      </h1>
    </div>
    <div
      className="ant-col search-col ant-col-xs-17 ant-col-sm-18 ant-col-md-18 ant-col-lg-18 ant-col-xl-18"
      style={Object {}}
    >
      <form
        className="ant-form ant-form-horizontal search"
        onSubmit={[Function]}
      >
        <div
          className="ant-row ant-form-item search-form-item"
          style={Object {}}
        >
          <div
            className="ant-col ant-form-item-control-wrapper"
            style={Object {}}
          >
            <div
              className="ant-form-item-control"
            >
              <span
                className="ant-form-item-children"
              >
                <input
                  className="ant-input ant-input-lg"
                  onChange={[Function]}
                  onKeyDown={[Function]}
                  placeholder="Search for movies and TV shows"
                  style={
                    Object {
                      "textAlign": "right",
                    }
                  }
                  type="text"
                  value=""
                />
              </span>
            </div>
          </div>
        </div>
      </form>
    </div>
  </div>,
  <div
    className="sc-bdVaJa cubKnN"
  >
    <h1>
      home
    </h1>
  </div>,
]
`;
