// Jest Snapshot v1, https://goo.gl/fbAQLP

exports[`renders Router component 1`] = `
Array [
  <div
    className="ant-row navbar"
    style={Object {}}
  >
    <div
      className="ant-col ant-col-sm-3 ant-col-md-4 ant-col-lg-4 ant-col-xl-6"
      style={Object {}}
    >
      <h1
        className="sc-htpNat gYQSzf"
      >
        Nolan
      </h1>
    </div>
    <div
      className="ant-col search-col ant-col-sm-12 ant-col-md-11 ant-col-lg-12 ant-col-xl-12"
      style={Object {}}
    >
      <form
        className="ant-form ant-form-horizontal search"
        onSubmit={[Function]}
      >
        <div
          className="ant-row ant-form-item search-form-item"
          style={Object {}}
        >
          <div
            className="ant-col ant-form-item-control-wrapper"
            style={Object {}}
          >
            <div
              className="ant-form-item-control"
            >
              <span
                className="ant-form-item-children"
              >
                <input
                  className="ant-input ant-input-lg"
                  onChange={[Function]}
                  onKeyDown={[Function]}
                  placeholder="Search for movies and TV shows"
                  style={
                    Object {
                      "textAlign": "center",
                    }
                  }
                  type="text"
                  value=""
                />
              </span>
            </div>
          </div>
        </div>
      </form>
    </div>
    <div
      className="ant-col ant-col-sm-9 ant-col-md-8 ant-col-lg-8 ant-col-xl-6"
      style={Object {}}
    >
      <div
        className="sc-bZQynM czlNrT"
      >
        <a
          className="sc-EHOje jJBdpb"
        >
          Login
        </a>
        <a
          className="sc-EHOje bhZWDX"
        >
          Create New Account
        </a>
      </div>
    </div>
  </div>,
  <div
    className="sc-bdVaJa bDhinl"
    width={1024}
  >
    <div
      className="sc-bwzfXH phNPS"
    >
      New Releases
    </div>
  </div>,
]
`;
